// Bun Snapshot v1, https://bun.sh/docs/test/snapshots

exports[`proof-check deterministic diagnostics invalid diagnostic stable snapshot is byte-identical across repeated runs 1`] = `"[{"counterexamplePathKeys":[],"order":{"code":"PROOF_CHECK_PLATFORM_PRECONDITION_FAILED","functionInstanceId":"","ownerKey":"statement/function:fn:1|ownerType:none|owner:<>|fn:<>/block:0/statement:0","pathFrameKey":"","rootCauseKey":"call-requirement:missing-platform-precondition","sourceOrigin":"","stableDetail":"missing-platform-precondition"},"ownerKey":"statement/function:fn:1|ownerType:none|owner:<>|fn:<>/block:0/statement:0","rootCauseKey":"call-requirement:missing-platform-precondition","stableDetail":"missing-platform-precondition"}]"`;

exports[`proof-check deterministic diagnostics accepted result stable snapshot is byte-identical across repeated runs 1`] = `"{"checkedFunctions":[{"functionInstanceId":"fn:0|ownerType:none|owner:<>|fn:<>","summaryCertificate":"3641581000"}],"packet":{"capabilityFlow":[],"erasures":[],"exitClosure":["1"],"fieldDisjointness":[],"layoutAbi":[],"noalias":[],"origins":["edge:function:fn:0|ownerType:none|owner:<>|fn:<>/edge:0","functionEntry:function:fn:0|ownerType:none|owner:<>|fn:<>"],"ownership":[],"packetSources":[],"platformEffects":[],"privateState":[],"terminalClosure":[],"validatedBuffers":[]},"summaries":[{"certificateId":"3641581000","functionInstanceId":"fn:0|ownerType:none|owner:<>|fn:<>"}],"terminalGraph":"image:image:0"}"`;
